// Jest Snapshot v1, https://goo.gl/fbAQLP

exports[`snapshots 1`] = `
<button
  className=""
  onClick={[Function]}
  type="button"
>
   Button 
</button>
`;
