// Jest Snapshot v1, https://goo.gl/fbAQLP

exports[`snapshots 1`] = `
<div
  className="page"
>
  <div
    className="interactions"
  >
    <form
      onSubmit={[Function]}
    >
      <input
        onChange={[Function]}
        type="text"
        value="redux"
      />
      <button
        className="btn btn-info"
        type="submit"
      >
        <span
          className="glyphicon glyphicon-search"
        />
         
        Search
      </button>
    </form>
  </div>
  <div
    className="table"
  >
    <div
      className="table-header"
    >
      <span
        style={
          Object {
            "width": "40%",
          }
        }
      >
        <button
          className="button-inline"
          onClick={[Function]}
          type="button"
        >
           
          Title
           
        </button>
      </span>
      <span
        style={
          Object {
            "width": "30%",
          }
        }
      >
        <button
          className="button-inline"
          onClick={[Function]}
          type="button"
        >
           
          Author
           
        </button>
      </span>
      <span
        style={
          Object {
            "width": "10%",
          }
        }
      >
        <button
          className="button-inline"
          onClick={[Function]}
          type="button"
        >
           
          Comments
           
        </button>
      </span>
      <span
        style={
          Object {
            "width": "10%",
          }
        }
      >
        <button
          className="button-inline"
          onClick={[Function]}
          type="button"
        >
           
          Points
           
        </button>
      </span>
      <span
        style={
          Object {
            "width": "10%",
          }
        }
      >
        Archive
      </span>
    </div>
  </div>
  <div
    className="interactions"
  >
    <div>
      Loading...
    </div>
  </div>
</div>
`;
