// Jest Snapshot v1, https://goo.gl/fbAQLP

exports[`snapshots 1`] = `
<div
  className="table"
>
  <div
    className="table-header"
  >
    <span
      style={
        Object {
          "width": "40%",
        }
      }
    >
      <button
        className="button-inline"
        onClick={[Function]}
        type="button"
      >
         
        Title
         
      </button>
    </span>
    <span
      style={
        Object {
          "width": "30%",
        }
      }
    >
      <button
        className="button-inline"
        onClick={[Function]}
        type="button"
      >
         
        Author
         
      </button>
    </span>
    <span
      style={
        Object {
          "width": "10%",
        }
      }
    >
      <button
        className="button-inline"
        onClick={[Function]}
        type="button"
      >
         
        Comments
         
      </button>
    </span>
    <span
      style={
        Object {
          "width": "10%",
        }
      }
    >
      <button
        className="button-inline"
        onClick={[Function]}
        type="button"
      >
         
        Points
         
      </button>
    </span>
    <span
      style={
        Object {
          "width": "10%",
        }
      }
    >
      Archive
    </span>
  </div>
  <div
    className="table-row row"
  >
    <span
      className="col-md-12"
      style={
        Object {
          "width": "40%",
        }
      }
    >
      <a
        className="col-md-12"
      >
        1
      </a>
    </span>
    <span
      className="col-md-12"
      style={
        Object {
          "width": "30%",
        }
      }
    >
      1
    </span>
    <span
      className="col-md-12"
      style={
        Object {
          "width": "10%",
        }
      }
    >
      1
       comments
    </span>
    <span
      className="col-md-12"
      style={
        Object {
          "width": "10%",
        }
      }
    >
      2
       points
    </span>
    <span
      className="col-md-12"
      style={
        Object {
          "width": "10%",
        }
      }
    >
      <button
        className="button-inline"
        onClick={[Function]}
        type="button"
      >
        Dismiss
      </button>
    </span>
  </div>
  <div
    className="table-row row"
  >
    <span
      className="col-md-12"
      style={
        Object {
          "width": "40%",
        }
      }
    >
      <a
        className="col-md-12"
      >
        2
      </a>
    </span>
    <span
      className="col-md-12"
      style={
        Object {
          "width": "30%",
        }
      }
    >
      2
    </span>
    <span
      className="col-md-12"
      style={
        Object {
          "width": "10%",
        }
      }
    >
      1
       comments
    </span>
    <span
      className="col-md-12"
      style={
        Object {
          "width": "10%",
        }
      }
    >
      2
       points
    </span>
    <span
      className="col-md-12"
      style={
        Object {
          "width": "10%",
        }
      }
    >
      <button
        className="button-inline"
        onClick={[Function]}
        type="button"
      >
        Dismiss
      </button>
    </span>
  </div>
</div>
`;
